mode: set
github.com/tpyle/log-manager/v2/handler.go:17.48,25.2 4 1
github.com/tpyle/log-manager/v2/handler.go:27.82,33.62 4 1
github.com/tpyle/log-manager/v2/handler.go:33.62,35.3 1 1
github.com/tpyle/log-manager/v2/handler.go:38.82,41.56 2 1
github.com/tpyle/log-manager/v2/handler.go:41.56,45.3 3 1
github.com/tpyle/log-manager/v2/handler.go:47.2,47.65 1 1
github.com/tpyle/log-manager/v2/handler.go:47.65,51.3 3 1
github.com/tpyle/log-manager/v2/handler.go:53.2,54.16 2 1
github.com/tpyle/log-manager/v2/handler.go:54.16,58.3 3 1
github.com/tpyle/log-manager/v2/handler.go:60.2,64.59 4 1
github.com/tpyle/log-manager/v2/handler.go:64.59,66.3 1 1
github.com/tpyle/log-manager/v2/lib.go:21.13,25.2 2 1
github.com/tpyle/log-manager/v2/lib.go:28.57,29.35 1 1
github.com/tpyle/log-manager/v2/lib.go:30.15,31.33 1 1
github.com/tpyle/log-manager/v2/lib.go:32.15,33.33 1 1
github.com/tpyle/log-manager/v2/lib.go:34.15,35.33 1 1
github.com/tpyle/log-manager/v2/lib.go:36.25,37.32 1 1
github.com/tpyle/log-manager/v2/lib.go:38.14,39.32 1 1
github.com/tpyle/log-manager/v2/lib.go:40.15,41.33 1 1
github.com/tpyle/log-manager/v2/lib.go:42.15,43.33 1 1
github.com/tpyle/log-manager/v2/lib.go:44.10,45.60 1 1
github.com/tpyle/log-manager/v2/lib.go:50.48,51.15 1 1
github.com/tpyle/log-manager/v2/lib.go:52.26,53.17 1 1
github.com/tpyle/log-manager/v2/lib.go:54.26,55.17 1 1
github.com/tpyle/log-manager/v2/lib.go:56.26,57.17 1 1
github.com/tpyle/log-manager/v2/lib.go:58.25,59.16 1 1
github.com/tpyle/log-manager/v2/lib.go:60.25,61.16 1 1
github.com/tpyle/log-manager/v2/lib.go:62.26,63.17 1 1
github.com/tpyle/log-manager/v2/lib.go:64.26,65.17 1 1
github.com/tpyle/log-manager/v2/lib.go:66.10,67.16 1 0
github.com/tpyle/log-manager/v2/lib.go:72.31,74.2 1 1
github.com/tpyle/log-manager/v2/lib.go:76.65,77.32 1 1
github.com/tpyle/log-manager/v2/lib.go:77.32,80.3 2 0
github.com/tpyle/log-manager/v2/lib.go:82.2,83.36 2 1
github.com/tpyle/log-manager/v2/lib.go:86.65,89.33 2 1
github.com/tpyle/log-manager/v2/lib.go:89.33,92.3 2 0
github.com/tpyle/log-manager/v2/lib.go:94.2,94.56 1 1
github.com/tpyle/log-manager/v2/lib.go:94.56,97.3 2 1
github.com/tpyle/log-manager/v2/lib.go:99.2,99.66 1 1
github.com/tpyle/log-manager/v2/lib.go:99.66,103.3 3 1
github.com/tpyle/log-manager/v2/lib.go:105.2,105.29 1 1
github.com/tpyle/log-manager/v2/lib.go:105.29,107.17 2 1
github.com/tpyle/log-manager/v2/lib.go:107.17,110.4 2 1
github.com/tpyle/log-manager/v2/lib.go:112.3,112.32 1 1
github.com/tpyle/log-manager/v2/lib.go:115.2,115.34 1 1
github.com/tpyle/log-manager/v2/lib.go:115.34,116.29 1 1
github.com/tpyle/log-manager/v2/lib.go:116.29,118.4 1 1
github.com/tpyle/log-manager/v2/lib.go:118.9,120.4 1 1
github.com/tpyle/log-manager/v2/lib.go:121.3,121.28 1 1
github.com/tpyle/log-manager/v2/lib.go:124.2,125.36 2 1
github.com/tpyle/log-manager/v2/lib.go:128.60,129.18 1 1
github.com/tpyle/log-manager/v2/lib.go:130.23,131.27 1 1
github.com/tpyle/log-manager/v2/lib.go:132.22,133.27 1 1
github.com/tpyle/log-manager/v2/lib.go:134.10,135.67 1 1
